sx1272.c:220:6:SX1272Init	24	static
sx1272.c:253:14:SX1272GetStatus	4	static
sx1272.c:258:6:SX1272SetChannel	24	static
sx1272.c:267:6:SX1272IsChannelFree	32	static
sx1272.c:298:10:SX1272Random	16	static
sx1272.c:340:16:GetFskBandwidthRegValue	24	static
sx1272.c:355:6:SX1272SetRxConfig	32	static
sx1272.c:498:6:SX1272SetTxConfig	32	static
sx1272.c:623:10:SX1272GetTimeOnAir	104	static
sx1272.c:680:6:SX1272Send	24	static
sx1272.c:754:6:SX1272SetSleep	8	static
sx1272.c:763:6:SX1272SetStby	8	static
sx1272.c:772:6:SX1272SetRx	24	static
sx1272.c:891:6:SX1272SetTx	16	static
sx1272.c:954:6:SX1272StartCad	8	static
sx1272.c:987:6:SX1272SetTxContinuousWave	64	static
sx1272.c:1007:9:SX1272ReadRssi	24	static
sx1272.c:1026:6:SX1272SetOpMode	16	static
sx1272.c:1056:6:SX1272SetModem	16	static
sx1272.c:1093:6:SX1272Write	16	static
sx1272.c:1098:9:SX1272Read	24	static
sx1272.c:1105:6:SX1272WriteBuffer	24	static
sx1272.c:1122:6:SX1272ReadBuffer	24	static
sx1272.c:1140:6:SX1272WriteFifo	16	static
sx1272.c:1145:6:SX1272ReadFifo	16	static
sx1272.c:1150:6:SX1272SetMaxPayloadLength	16	static
sx1272.c:1168:6:SX1272SetPublicNetwork	16	static
sx1272.c:1184:10:SX1272GetWakeupTime	4	static
sx1272.c:1190:6:SX1272OnTimeoutIrq	16	static
sx1272.c:1262:6:SX1272OnDio0Irq	24	static
sx1272.c:1448:6:SX1272OnDio1Irq	8	static
sx1272.c:1525:6:SX1272OnDio2Irq	16	static
sx1272.c:1595:6:SX1272OnDio3Irq	8	static
sx1272.c:1626:6:SX1272OnDio4Irq	4	static
sx1272.c:1645:6:SX1272OnDio5Irq	4	static
